// Jest Snapshot v1, https://goo.gl/fbAQLP

exports[`<Product /> renders  components 1`] = `[Function]`;
